2026-09-17 18:17:40.760 [34mINFO [0;39m [background-preinit] [] [36mo.h.validator.internal.util.Version[0;39m - HV000001: Hibernate Validator 9.1.0.Final
2026-09-17 18:17:40.885 [34mINFO [0;39m [main] [] [36mcom.example.chat.ChatApplication[0;39m - Starting ChatApplication using Java 21.0.10 with PID 30648 (D:\d_folder\projects\projects-using-ai\Realtime-chat\chat\target\classes started by dell in D:\d_folder\projects\projects-using-ai\Realtime-chat)
2026-09-17 18:17:40.888 [39mDEBUG[0;39m [main] [] [36mcom.example.chat.ChatApplication[0;39m - Running with Spring Boot v4.1.0, Spring v7.0.8
2026-09-17 18:17:40.890 [34mINFO [0;39m [main] [] [36mcom.example.chat.ChatApplication[0;39m - No active profile set, falling back to 1 default profile: "default"
2026-09-17 18:17:42.401 [34mINFO [0;39m [main] [] [36mo.s.d.r.c.RepositoryConfigurationDelegate[0;39m - Multiple Spring Data modules found, entering strict repository configuration mode
2026-09-17 18:17:42.404 [34mINFO [0;39m [main] [] [36mo.s.d.r.c.RepositoryConfigurationDelegate[0;39m - Bootstrapping Spring Data JPA repositories in DEFAULT mode.
2026-09-17 18:17:42.746 [34mINFO [0;39m [main] [] [36mo.s.d.r.c.RepositoryConfigurationDelegate[0;39m - Finished Spring Data repository scanning in 321 ms. Found 8 JPA repository interfaces.
2026-09-17 18:17:42.841 [34mINFO [0;39m [main] [] [36mo.s.d.r.c.RepositoryConfigurationDelegate[0;39m - Multiple Spring Data modules found, entering strict repository configuration mode
2026-09-17 18:17:42.843 [34mINFO [0;39m [main] [] [36mo.s.d.r.c.RepositoryConfigurationDelegate[0;39m - Bootstrapping Spring Data Redis repositories in DEFAULT mode.
2026-09-17 18:17:42.876 [34mINFO [0;39m [main] [] [36mo.s.d.r.c.RepositoryConfigurationExtensionSupport[0;39m - Spring Data Redis - Could not safely identify store assignment for repository candidate interface com.example.chat.message.MessageRepository; If you want this repository to be a Redis repository, consider annotating your entities with one of these annotations: org.springframework.data.redis.core.RedisHash (preferred), or consider extending one of the following types with your repository: org.springframework.data.keyvalue.repository.KeyValueRepository
2026-09-17 18:17:42.878 [34mINFO [0;39m [main] [] [36mo.s.d.r.c.RepositoryConfigurationExtensionSupport[0;39m - Spring Data Redis - Could not safely identify store assignment for repository candidate interface com.example.chat.push.PushTokenRepository; If you want this repository to be a Redis repository, consider annotating your entities with one of these annotations: org.springframework.data.redis.core.RedisHash (preferred), or consider extending one of the following types with your repository: org.springframework.data.keyvalue.repository.KeyValueRepository
2026-09-17 18:17:42.878 [34mINFO [0;39m [main] [] [36mo.s.d.r.c.RepositoryConfigurationExtensionSupport[0;39m - Spring Data Redis - Could not safely identify store assignment for repository candidate interface com.example.chat.room.RoomMemberRepository; If you want this repository to be a Redis repository, consider annotating your entities with one of these annotations: org.springframework.data.redis.core.RedisHash (preferred), or consider extending one of the following types with your repository: org.springframework.data.keyvalue.repository.KeyValueRepository
2026-09-17 18:17:42.880 [34mINFO [0;39m [main] [] [36mo.s.d.r.c.RepositoryConfigurationExtensionSupport[0;39m - Spring Data Redis - Could not safely identify store assignment for repository candidate interface com.example.chat.room.RoomRepository; If you want this repository to be a Redis repository, consider annotating your entities with one of these annotations: org.springframework.data.redis.core.RedisHash (preferred), or consider extending one of the following types with your repository: org.springframework.data.keyvalue.repository.KeyValueRepository
2026-09-17 18:17:42.881 [34mINFO [0;39m [main] [] [36mo.s.d.r.c.RepositoryConfigurationExtensionSupport[0;39m - Spring Data Redis - Could not safely identify store assignment for repository candidate interface com.example.chat.sticker.StickerRepository; If you want this repository to be a Redis repository, consider annotating your entities with one of these annotations: org.springframework.data.redis.core.RedisHash (preferred), or consider extending one of the following types with your repository: org.springframework.data.keyvalue.repository.KeyValueRepository
2026-09-17 18:17:42.882 [34mINFO [0;39m [main] [] [36mo.s.d.r.c.RepositoryConfigurationExtensionSupport[0;39m - Spring Data Redis - Could not safely identify store assignment for repository candidate interface com.example.chat.sticker.StickerSetRepository; If you want this repository to be a Redis repository, consider annotating your entities with one of these annotations: org.springframework.data.redis.core.RedisHash (preferred), or consider extending one of the following types with your repository: org.springframework.data.keyvalue.repository.KeyValueRepository
2026-09-17 18:17:42.882 [34mINFO [0;39m [main] [] [36mo.s.d.r.c.RepositoryConfigurationExtensionSupport[0;39m - Spring Data Redis - Could not safely identify store assignment for repository candidate interface com.example.chat.theme.RoomThemeRepository; If you want this repository to be a Redis repository, consider annotating your entities with one of these annotations: org.springframework.data.redis.core.RedisHash (preferred), or consider extending one of the following types with your repository: org.springframework.data.keyvalue.repository.KeyValueRepository
2026-09-17 18:17:42.883 [34mINFO [0;39m [main] [] [36mo.s.d.r.c.RepositoryConfigurationExtensionSupport[0;39m - Spring Data Redis - Could not safely identify store assignment for repository candidate interface com.example.chat.user.UserRepository; If you want this repository to be a Redis repository, consider annotating your entities with one of these annotations: org.springframework.data.redis.core.RedisHash (preferred), or consider extending one of the following types with your repository: org.springframework.data.keyvalue.repository.KeyValueRepository
2026-09-17 18:17:42.884 [34mINFO [0;39m [main] [] [36mo.s.d.r.c.RepositoryConfigurationDelegate[0;39m - Finished Spring Data repository scanning in 23 ms. Found 0 Redis repository interfaces.
2026-09-17 18:17:44.620 [34mINFO [0;39m [main] [] [36mo.s.boot.tomcat.TomcatWebServer[0;39m - Tomcat initialized with port 8085 (http)
2026-09-17 18:17:44.659 [34mINFO [0;39m [main] [] [36mo.a.coyote.http11.Http11NioProtocol[0;39m - Initializing ProtocolHandler ["http-nio-0.0.0.0-8085"]
2026-09-17 18:17:44.803 [34mINFO [0;39m [main] [] [36mo.s.b.w.c.s.WebApplicationContextInitializer[0;39m - Root WebApplicationContext: initialization completed in 3797 ms
2026-09-17 18:17:44.955 [39mDEBUG[0;39m [main] [] [36mc.e.chat.common.RequestLoggingFilter[0;39m - Filter 'requestLoggingFilter' configured for use
2026-09-17 18:17:44.959 [39mDEBUG[0;39m [main] [] [36mcom.example.chat.common.MdcFilter[0;39m - Filter 'mdcFilter' configured for use
2026-09-17 18:17:45.253 [34mINFO [0;39m [main] [] [36morg.hibernate.orm.jpa[0;39m - HHH008540: Processing PersistenceUnitInfo [name: default]
2026-09-17 18:17:45.380 [34mINFO [0;39m [main] [] [36morg.hibernate.orm.core[0;39m - HHH000001: Hibernate ORM core version 7.4.1.Final
2026-09-17 18:17:46.265 [34mINFO [0;39m [main] [] [36mo.s.o.j.p.SpringPersistenceUnitInfo[0;39m - No LoadTimeWeaver setup: ignoring JPA class transformer
2026-09-17 18:17:46.323 [34mINFO [0;39m [main] [] [36mcom.zaxxer.hikari.HikariDataSource[0;39m - HikariPool-1 - Starting...
2026-09-17 18:17:46.688 [34mINFO [0;39m [main] [] [36mcom.zaxxer.hikari.pool.HikariPool[0;39m - HikariPool-1 - Added connection org.postgresql.jdbc.PgConnection@61607ff0
2026-09-17 18:17:46.690 [34mINFO [0;39m [main] [] [36mcom.zaxxer.hikari.HikariDataSource[0;39m - HikariPool-1 - Start completed.
2026-09-17 18:17:46.863 [34mINFO [0;39m [main] [] [36mo.hibernate.orm.connections.pooling[0;39m - HHH10001005: Database info:
	Database JDBC URL [jdbc:postgresql://localhost:5432/chat]
	Database driver: PostgreSQL JDBC Driver
	Database dialect: PostgreSQLDialect
	Database version: 17.2
	Default catalog/schema: chat/public
	Autocommit mode: undefined/unknown
	Isolation level: READ_COMMITTED [default READ_COMMITTED]
	JDBC fetch size: none
	Pool: DataSourceConnectionProvider
	Minimum pool size: undefined/unknown
	Maximum pool size: undefined/unknown
2026-09-17 18:17:48.971 [34mINFO [0;39m [main] [] [36morg.hibernate.orm.core[0;39m - HHH000489: No JTA platform available (set 'hibernate.transaction.jta.platform' to enable JTA platform integration)
2026-09-17 18:17:48.984 [34mINFO [0;39m [main] [] [36mo.s.o.j.LocalContainerEntityManagerFactoryBean[0;39m - Initialized JPA EntityManagerFactory for persistence unit 'default'
2026-09-17 18:17:49.784 [34mINFO [0;39m [main] [] [36mo.s.d.j.r.q.QueryEnhancerFactories[0;39m - Hibernate is in classpath; If applicable, HQL parser will be used.
2026-09-17 18:17:51.143 [34mINFO [0;39m [main] [] [36mcom.example.chat.config.RedisConfig[0;39m - [Redis] Configuring RedisTemplate with JSON serialization...
2026-09-17 18:17:51.148 [34mINFO [0;39m [main] [] [36mcom.example.chat.config.RedisConfig[0;39m - [Redis] RedisTemplate configured successfully
2026-09-17 18:17:51.195 [31mWARN [0;39m [main] [] [36mo.s.b.w.s.s.c.AnnotationConfigServletWebServerApplicationContext[0;39m - Exception encountered during context initialization - cancelling refresh attempt: org.springframework.beans.factory.UnsatisfiedDependencyException: Error creating bean with name 'chatController' defined in file [D:\d_folder\projects\projects-using-ai\Realtime-chat\chat\target\classes\com\example\chat\message\ChatController.class]: Unsatisfied dependency expressed through constructor parameter 3: Error creating bean with name 'pushDispatcher' defined in file [D:\d_folder\projects\projects-using-ai\Realtime-chat\chat\target\classes\com\example\chat\push\PushDispatcher.class]: Unsatisfied dependency expressed through constructor parameter 2: Error creating bean with name 'expoPushSender' defined in file [D:\d_folder\projects\projects-using-ai\Realtime-chat\chat\target\classes\com\example\chat\push\ExpoPushSender.class]: Unsatisfied dependency expressed through constructor parameter 0: No qualifying bean of type 'org.springframework.web.client.RestClient$Builder' available: expected at least 1 bean which qualifies as autowire candidate. Dependency annotations: {}
2026-09-17 18:17:51.211 [34mINFO [0;39m [main] [] [36mo.s.o.j.LocalContainerEntityManagerFactoryBean[0;39m - Closing JPA EntityManagerFactory for persistence unit 'default'
2026-09-17 18:17:51.214 [34mINFO [0;39m [main] [] [36mcom.zaxxer.hikari.HikariDataSource[0;39m - HikariPool-1 - Shutdown initiated...
2026-09-17 18:17:51.217 [34mINFO [0;39m [main] [] [36mcom.zaxxer.hikari.HikariDataSource[0;39m - HikariPool-1 - Shutdown completed.
2026-09-17 18:17:51.246 [34mINFO [0;39m [main] [] [36mo.s.b.a.l.ConditionEvaluationReportLogger[0;39m - 

Error starting ApplicationContext. To display the condition evaluation report re-run your application with 'debug' enabled.
2026-09-17 18:17:51.270 [1;31mERROR[0;39m [main] [] [36mo.s.b.d.LoggingFailureAnalysisReporter[0;39m - 

***************************
APPLICATION FAILED TO START
***************************

Description:

Parameter 0 of constructor in com.example.chat.push.ExpoPushSender required a bean of type 'org.springframework.web.client.RestClient$Builder' that could not be found.


Action:

Consider defining a bean of type 'org.springframework.web.client.RestClient$Builder' in your configuration.

2026-09-17 18:22:35.050 [34mINFO [0;39m [background-preinit] [] [36mo.h.validator.internal.util.Version[0;39m - HV000001: Hibernate Validator 9.1.0.Final
2026-09-17 18:22:35.170 [34mINFO [0;39m [main] [] [36mcom.example.chat.ChatApplication[0;39m - Starting ChatApplication using Java 21.0.10 with PID 35512 (D:\d_folder\projects\projects-using-ai\Realtime-chat\chat\target\classes started by dell in D:\d_folder\projects\projects-using-ai\Realtime-chat)
2026-09-17 18:22:35.176 [39mDEBUG[0;39m [main] [] [36mcom.example.chat.ChatApplication[0;39m - Running with Spring Boot v4.1.0, Spring v7.0.8
2026-09-17 18:22:35.179 [34mINFO [0;39m [main] [] [36mcom.example.chat.ChatApplication[0;39m - No active profile set, falling back to 1 default profile: "default"
2026-09-17 18:22:37.040 [34mINFO [0;39m [main] [] [36mo.s.d.r.c.RepositoryConfigurationDelegate[0;39m - Multiple Spring Data modules found, entering strict repository configuration mode
2026-09-17 18:22:37.044 [34mINFO [0;39m [main] [] [36mo.s.d.r.c.RepositoryConfigurationDelegate[0;39m - Bootstrapping Spring Data JPA repositories in DEFAULT mode.
2026-09-17 18:22:37.440 [34mINFO [0;39m [main] [] [36mo.s.d.r.c.RepositoryConfigurationDelegate[0;39m - Finished Spring Data repository scanning in 374 ms. Found 8 JPA repository interfaces.
2026-09-17 18:22:37.524 [34mINFO [0;39m [main] [] [36mo.s.d.r.c.RepositoryConfigurationDelegate[0;39m - Multiple Spring Data modules found, entering strict repository configuration mode
2026-09-17 18:22:37.526 [34mINFO [0;39m [main] [] [36mo.s.d.r.c.RepositoryConfigurationDelegate[0;39m - Bootstrapping Spring Data Redis repositories in DEFAULT mode.
2026-09-17 18:22:37.559 [34mINFO [0;39m [main] [] [36mo.s.d.r.c.RepositoryConfigurationExtensionSupport[0;39m - Spring Data Redis - Could not safely identify store assignment for repository candidate interface com.example.chat.message.MessageRepository; If you want this repository to be a Redis repository, consider annotating your entities with one of these annotations: org.springframework.data.redis.core.RedisHash (preferred), or consider extending one of the following types with your repository: org.springframework.data.keyvalue.repository.KeyValueRepository
2026-09-17 18:22:37.562 [34mINFO [0;39m [main] [] [36mo.s.d.r.c.RepositoryConfigurationExtensionSupport[0;39m - Spring Data Redis - Could not safely identify store assignment for repository candidate interface com.example.chat.push.PushTokenRepository; If you want this repository to be a Redis repository, consider annotating your entities with one of these annotations: org.springframework.data.redis.core.RedisHash (preferred), or consider extending one of the following types with your repository: org.springframework.data.keyvalue.repository.KeyValueRepository
2026-09-17 18:22:37.563 [34mINFO [0;39m [main] [] [36mo.s.d.r.c.RepositoryConfigurationExtensionSupport[0;39m - Spring Data Redis - Could not safely identify store assignment for repository candidate interface com.example.chat.room.RoomMemberRepository; If you want this repository to be a Redis repository, consider annotating your entities with one of these annotations: org.springframework.data.redis.core.RedisHash (preferred), or consider extending one of the following types with your repository: org.springframework.data.keyvalue.repository.KeyValueRepository
2026-09-17 18:22:37.563 [34mINFO [0;39m [main] [] [36mo.s.d.r.c.RepositoryConfigurationExtensionSupport[0;39m - Spring Data Redis - Could not safely identify store assignment for repository candidate interface com.example.chat.room.RoomRepository; If you want this repository to be a Redis repository, consider annotating your entities with one of these annotations: org.springframework.data.redis.core.RedisHash (preferred), or consider extending one of the following types with your repository: org.springframework.data.keyvalue.repository.KeyValueRepository
2026-09-17 18:22:37.564 [34mINFO [0;39m [main] [] [36mo.s.d.r.c.RepositoryConfigurationExtensionSupport[0;39m - Spring Data Redis - Could not safely identify store assignment for repository candidate interface com.example.chat.sticker.StickerRepository; If you want this repository to be a Redis repository, consider annotating your entities with one of these annotations: org.springframework.data.redis.core.RedisHash (preferred), or consider extending one of the following types with your repository: org.springframework.data.keyvalue.repository.KeyValueRepository
2026-09-17 18:22:37.565 [34mINFO [0;39m [main] [] [36mo.s.d.r.c.RepositoryConfigurationExtensionSupport[0;39m - Spring Data Redis - Could not safely identify store assignment for repository candidate interface com.example.chat.sticker.StickerSetRepository; If you want this repository to be a Redis repository, consider annotating your entities with one of these annotations: org.springframework.data.redis.core.RedisHash (preferred), or consider extending one of the following types with your repository: org.springframework.data.keyvalue.repository.KeyValueRepository
2026-09-17 18:22:37.566 [34mINFO [0;39m [main] [] [36mo.s.d.r.c.RepositoryConfigurationExtensionSupport[0;39m - Spring Data Redis - Could not safely identify store assignment for repository candidate interface com.example.chat.theme.RoomThemeRepository; If you want this repository to be a Redis repository, consider annotating your entities with one of these annotations: org.springframework.data.redis.core.RedisHash (preferred), or consider extending one of the following types with your repository: org.springframework.data.keyvalue.repository.KeyValueRepository
2026-09-17 18:22:37.567 [34mINFO [0;39m [main] [] [36mo.s.d.r.c.RepositoryConfigurationExtensionSupport[0;39m - Spring Data Redis - Could not safely identify store assignment for repository candidate interface com.example.chat.user.UserRepository; If you want this repository to be a Redis repository, consider annotating your entities with one of these annotations: org.springframework.data.redis.core.RedisHash (preferred), or consider extending one of the following types with your repository: org.springframework.data.keyvalue.repository.KeyValueRepository
2026-09-17 18:22:37.568 [34mINFO [0;39m [main] [] [36mo.s.d.r.c.RepositoryConfigurationDelegate[0;39m - Finished Spring Data repository scanning in 23 ms. Found 0 Redis repository interfaces.
2026-09-17 18:22:39.048 [34mINFO [0;39m [main] [] [36mo.s.boot.tomcat.TomcatWebServer[0;39m - Tomcat initialized with port 8085 (http)
2026-09-17 18:22:39.074 [34mINFO [0;39m [main] [] [36mo.a.coyote.http11.Http11NioProtocol[0;39m - Initializing ProtocolHandler ["http-nio-0.0.0.0-8085"]
2026-09-17 18:22:39.212 [34mINFO [0;39m [main] [] [36mo.s.b.w.c.s.WebApplicationContextInitializer[0;39m - Root WebApplicationContext: initialization completed in 3882 ms
2026-09-17 18:22:39.344 [39mDEBUG[0;39m [main] [] [36mc.e.chat.common.RequestLoggingFilter[0;39m - Filter 'requestLoggingFilter' configured for use
2026-09-17 18:22:39.345 [39mDEBUG[0;39m [main] [] [36mcom.example.chat.common.MdcFilter[0;39m - Filter 'mdcFilter' configured for use
2026-09-17 18:22:39.620 [34mINFO [0;39m [main] [] [36morg.hibernate.orm.jpa[0;39m - HHH008540: Processing PersistenceUnitInfo [name: default]
2026-09-17 18:22:39.765 [34mINFO [0;39m [main] [] [36morg.hibernate.orm.core[0;39m - HHH000001: Hibernate ORM core version 7.4.1.Final
2026-09-17 18:22:40.729 [34mINFO [0;39m [main] [] [36mo.s.o.j.p.SpringPersistenceUnitInfo[0;39m - No LoadTimeWeaver setup: ignoring JPA class transformer
2026-09-17 18:22:40.797 [34mINFO [0;39m [main] [] [36mcom.zaxxer.hikari.HikariDataSource[0;39m - HikariPool-1 - Starting...
2026-09-17 18:22:41.161 [34mINFO [0;39m [main] [] [36mcom.zaxxer.hikari.pool.HikariPool[0;39m - HikariPool-1 - Added connection org.postgresql.jdbc.PgConnection@6839d03b
2026-09-17 18:22:41.164 [34mINFO [0;39m [main] [] [36mcom.zaxxer.hikari.HikariDataSource[0;39m - HikariPool-1 - Start completed.
2026-09-17 18:22:41.342 [34mINFO [0;39m [main] [] [36mo.hibernate.orm.connections.pooling[0;39m - HHH10001005: Database info:
	Database JDBC URL [jdbc:postgresql://localhost:5432/chat]
	Database driver: PostgreSQL JDBC Driver
	Database dialect: PostgreSQLDialect
	Database version: 17.2
	Default catalog/schema: chat/public
	Autocommit mode: undefined/unknown
	Isolation level: READ_COMMITTED [default READ_COMMITTED]
	JDBC fetch size: none
	Pool: DataSourceConnectionProvider
	Minimum pool size: undefined/unknown
	Maximum pool size: undefined/unknown
2026-09-17 18:22:43.459 [34mINFO [0;39m [main] [] [36morg.hibernate.orm.core[0;39m - HHH000489: No JTA platform available (set 'hibernate.transaction.jta.platform' to enable JTA platform integration)
2026-09-17 18:22:43.472 [34mINFO [0;39m [main] [] [36mo.s.o.j.LocalContainerEntityManagerFactoryBean[0;39m - Initialized JPA EntityManagerFactory for persistence unit 'default'
2026-09-17 18:22:44.513 [34mINFO [0;39m [main] [] [36mo.s.d.j.r.q.QueryEnhancerFactories[0;39m - Hibernate is in classpath; If applicable, HQL parser will be used.
2026-09-17 18:22:46.526 [34mINFO [0;39m [main] [] [36mcom.example.chat.config.RedisConfig[0;39m - [Redis] Configuring RedisTemplate with JSON serialization...
2026-09-17 18:22:46.532 [34mINFO [0;39m [main] [] [36mcom.example.chat.config.RedisConfig[0;39m - [Redis] RedisTemplate configured successfully
2026-09-17 18:22:47.063 [34mINFO [0;39m [main] [] [36mcom.example.chat.config.RedisConfig[0;39m - [Redis] Configuring RedisMessageListenerContainer...
2026-09-17 18:22:47.068 [34mINFO [0;39m [main] [] [36mcom.example.chat.config.RedisConfig[0;39m - [Redis] RedisMessageListenerContainer configured successfully
2026-09-17 18:22:47.085 [34mINFO [0;39m [main] [] [36mc.example.chat.redis.RedisSubscriber[0;39m - [Redis] Subscribed to pattern: chat.room.*
2026-09-17 18:22:48.725 [34mINFO [0;39m [main] [] [36mo.a.coyote.http11.Http11NioProtocol[0;39m - Starting ProtocolHandler ["http-nio-0.0.0.0-8085"]
2026-09-17 18:22:48.754 [34mINFO [0;39m [main] [] [36mo.s.boot.tomcat.TomcatWebServer[0;39m - Tomcat started on port 8085 (http) with context path '/'
2026-09-17 18:22:49.518 [34mINFO [0;39m [main] [] [36mo.s.boot.tomcat.GracefulShutdown[0;39m - Commencing graceful shutdown. Waiting for active requests to complete
2026-09-17 18:22:49.519 [34mINFO [0;39m [tomcat-shutdown] [] [36mo.a.coyote.http11.Http11NioProtocol[0;39m - Pausing ProtocolHandler ["http-nio-0.0.0.0-8085"]
2026-09-17 18:22:49.527 [34mINFO [0;39m [tomcat-shutdown] [] [36mo.s.boot.tomcat.GracefulShutdown[0;39m - Graceful shutdown complete
2026-09-17 18:22:49.528 [34mINFO [0;39m [main] [] [36mo.a.coyote.http11.Http11NioProtocol[0;39m - Stopping ProtocolHandler ["http-nio-0.0.0.0-8085"]
2026-09-17 18:22:49.541 [31mWARN [0;39m [main] [] [36mo.s.b.w.s.s.c.AnnotationConfigServletWebServerApplicationContext[0;39m - Exception encountered during context initialization - cancelling refresh attempt: org.springframework.context.ApplicationContextException: Failed to start bean 'redisMessageListenerContainer'
2026-09-17 18:22:49.549 [34mINFO [0;39m [main] [] [36mo.s.o.j.LocalContainerEntityManagerFactoryBean[0;39m - Closing JPA EntityManagerFactory for persistence unit 'default'
2026-09-17 18:22:49.553 [34mINFO [0;39m [main] [] [36mcom.zaxxer.hikari.HikariDataSource[0;39m - HikariPool-1 - Shutdown initiated...
2026-09-17 18:22:49.566 [34mINFO [0;39m [main] [] [36mcom.zaxxer.hikari.HikariDataSource[0;39m - HikariPool-1 - Shutdown completed.
2026-09-17 18:22:49.586 [34mINFO [0;39m [main] [] [36mo.s.b.a.l.ConditionEvaluationReportLogger[0;39m - 

Error starting ApplicationContext. To display the condition evaluation report re-run your application with 'debug' enabled.
2026-09-17 18:22:49.608 [1;31mERROR[0;39m [main] [] [36mo.s.boot.SpringApplication[0;39m - Application run failed
org.springframework.context.ApplicationContextException: Failed to start bean 'redisMessageListenerContainer'
	at org.springframework.context.support.DefaultLifecycleProcessor.doStart(DefaultLifecycleProcessor.java:423)
	at org.springframework.context.support.DefaultLifecycleProcessor.doStart(DefaultLifecycleProcessor.java:409)
	at org.springframework.context.support.DefaultLifecycleProcessor$LifecycleGroup.start(DefaultLifecycleProcessor.java:613)
	at java.base/java.lang.Iterable.forEach(Iterable.java:75)
	at org.springframework.context.support.DefaultLifecycleProcessor.startBeans(DefaultLifecycleProcessor.java:379)
	at org.springframework.context.support.DefaultLifecycleProcessor.onRefresh(DefaultLifecycleProcessor.java:306)
	at org.springframework.context.support.AbstractApplicationContext.finishRefresh(AbstractApplicationContext.java:1013)
	at org.springframework.context.support.AbstractApplicationContext.refresh(AbstractApplicationContext.java:624)
	at org.springframework.boot.web.server.servlet.context.ServletWebServerApplicationContext.refresh(ServletWebServerApplicationContext.java:143)
	at org.springframework.boot.SpringApplication.refresh(SpringApplication.java:756)
	at org.springframework.boot.SpringApplication.refreshContext(SpringApplication.java:445)
	at org.springframework.boot.SpringApplication.run(SpringApplication.java:321)
	at org.springframework.boot.SpringApplication.run(SpringApplication.java:1365)
	at org.springframework.boot.SpringApplication.run(SpringApplication.java:1354)
	at com.example.chat.ChatApplication.main(ChatApplication.java:13)
Caused by: org.springframework.data.redis.listener.adapter.RedisListenerExecutionFailedException: org.springframework.data.redis.RedisConnectionFailureException: Unable to connect to Redis
	at org.springframework.data.redis.listener.RedisMessageListenerContainer.lazyListen(RedisMessageListenerContainer.java:389)
	at org.springframework.data.redis.listener.RedisMessageListenerContainer.start(RedisMessageListenerContainer.java:366)
	at org.springframework.context.support.DefaultLifecycleProcessor.doStart(DefaultLifecycleProcessor.java:420)
	... 14 common frames omitted
Caused by: org.springframework.data.redis.RedisConnectionFailureException: Unable to connect to Redis
	at org.springframework.data.redis.connection.lettuce.LettuceConnectionFactory$ExceptionTranslatingConnectionProvider.translateException(LettuceConnectionFactory.java:1873)
	at org.springframework.data.redis.connection.lettuce.LettuceConnectionFactory$ExceptionTranslatingConnectionProvider.getConnection(LettuceConnectionFactory.java:1804)
	at org.springframework.data.redis.connection.lettuce.LettuceConnectionFactory$SharedConnection.getNativeConnection(LettuceConnectionFactory.java:1601)
	at org.springframework.data.redis.connection.lettuce.LettuceConnectionFactory$SharedConnection.lambda$getConnection$0(LettuceConnectionFactory.java:1581)
	at org.springframework.data.redis.connection.lettuce.LettuceConnectionFactory.doInLock(LettuceConnectionFactory.java:1542)
	at org.springframework.data.redis.connection.lettuce.LettuceConnectionFactory$SharedConnection.getConnection(LettuceConnectionFactory.java:1578)
	at org.springframework.data.redis.connection.lettuce.LettuceConnectionFactory.getSharedConnection(LettuceConnectionFactory.java:1260)
	at org.springframework.data.redis.connection.lettuce.LettuceConnectionFactory.getConnection(LettuceConnectionFactory.java:1056)
	at org.springframework.data.redis.listener.RedisMessageListenerContainer$Subscriber.lambda$initialize$0(RedisMessageListenerContainer.java:1272)
	at org.springframework.data.redis.listener.RedisMessageListenerContainer$Subscriber.doInLock(RedisMessageListenerContainer.java:1486)
	at org.springframework.data.redis.listener.RedisMessageListenerContainer$Subscriber.initialize(RedisMessageListenerContainer.java:1266)
	at org.springframework.data.redis.listener.RedisMessageListenerContainer.doSubscribe(RedisMessageListenerContainer.java:436)
	at org.springframework.data.redis.listener.RedisMessageListenerContainer.lazyListen(RedisMessageListenerContainer.java:410)
	at org.springframework.data.redis.listener.RedisMessageListenerContainer.lazyListen(RedisMessageListenerContainer.java:380)
	... 16 common frames omitted
Caused by: io.lettuce.core.RedisConnectionException: Unable to connect to localhost/<unresolved>:6379
	at io.lettuce.core.RedisConnectionException.create(RedisConnectionException.java:63)
	at io.lettuce.core.RedisConnectionException.create(RedisConnectionException.java:41)
	at io.lettuce.core.AbstractRedisClient.getConnection(AbstractRedisClient.java:315)
	at io.lettuce.core.RedisClient.connect(RedisClient.java:220)
	at org.springframework.data.redis.connection.lettuce.StandaloneConnectionProvider.lambda$getConnection$1(StandaloneConnectionProvider.java:113)
	at java.base/java.util.Optional.orElseGet(Optional.java:364)
	at org.springframework.data.redis.connection.lettuce.StandaloneConnectionProvider.getConnection(StandaloneConnectionProvider.java:113)
	at org.springframework.data.redis.connection.lettuce.LettuceConnectionFactory$ExceptionTranslatingConnectionProvider.getConnection(LettuceConnectionFactory.java:1802)
	... 28 common frames omitted
Caused by: io.netty.channel.AbstractChannel$AnnotatedConnectException: Connection refused: getsockopt: localhost/127.0.0.1:6379
Caused by: java.net.ConnectException: Connection refused: getsockopt
	at java.base/sun.nio.ch.Net.pollConnect(Native Method)
	at java.base/sun.nio.ch.Net.pollConnectNow(Net.java:694)
	at java.base/sun.nio.ch.SocketChannelImpl.finishConnect(SocketChannelImpl.java:973)
	at io.netty.channel.socket.nio.NioSocketChannel.doFinishConnect(NioSocketChannel.java:330)
	at io.netty.channel.nio.AbstractNioChannel$AbstractNioUnsafe.finishConnect(AbstractNioChannel.java:384)
	at io.netty.channel.nio.AbstractNioChannel$AbstractNioUnsafe.handle(AbstractNioChannel.java:432)
	at io.netty.channel.nio.NioIoHandler$DefaultNioRegistration.handle(NioIoHandler.java:388)
	at io.netty.channel.nio.NioIoHandler.processSelectedKey(NioIoHandler.java:596)
	at io.netty.channel.nio.NioIoHandler.processSelectedKeysOptimized(NioIoHandler.java:571)
	at io.netty.channel.nio.NioIoHandler.processSelectedKeys(NioIoHandler.java:512)
	at io.netty.channel.nio.NioIoHandler.run(NioIoHandler.java:484)
	at io.netty.channel.SingleThreadIoEventLoop.runIo(SingleThreadIoEventLoop.java:225)
	at io.netty.channel.SingleThreadIoEventLoop.run(SingleThreadIoEventLoop.java:196)
	at io.netty.util.concurrent.SingleThreadEventExecutor$5.run(SingleThreadEventExecutor.java:1195)
	at io.netty.util.internal.ThreadExecutorMap$2.run(ThreadExecutorMap.java:74)
	at io.netty.util.concurrent.FastThreadLocalRunnable.run(FastThreadLocalRunnable.java:30)
	at java.base/java.lang.Thread.run(Thread.java:1583)
